.F.F.F.FFFFF

Failures:

  1) PagesController GET 'home' should have the right title
     Failure/Error: response.should have_selector("title",
       expected following output to contain a <title>Rails Tutorial | Home</title> tag:
       <!DOCTYPE html>
       <html>
       <head>
       <title>Rails Tutorial</title>
       <!--[if lt IE 9]>
       <script src="http://html5shiv.googlecode.com/svn/trunk/html5.js"></script>
       <![endif]--><link href="/stylesheets/blueprint/screen.css?1305352754" media="screen" rel="stylesheet" type="text/css">
       <link href="/stylesheets/blueprint/print.css?1305352754" media="print" rel="stylesheet" type="text/css">
       <!--[if lt IE 8]>
       <link href="/stylesheets/blueprint/ie.css?1305352754" media="screen" rel="stylesheet" type="text/css" />
       <![endif]--><link href="/stylesheets/custom.css?1306008966" media="screen" rel="stylesheet" type="text/css">
       </head>
       <body>
       		<div class="container">
       			<header><img alt="Sample App" class="round" src="/images/logo.png?1306005940"><nav class="round"><ul>
       <li><a href="#">Home</a></li>
       			<li><a href="#">Help</a></li>
       			<li><a href="#">Sign in</a></li>
       		</ul></nav></header><section class="round"><h1>Sample App</h1>
       
       <p>
         This is the home page for the
         <a href="http://railstutorial.org/">Ruby on Rails Tutorial</a>
         sample application.
       </p>
       
       <a href="#" class="signup_button round">Sign up now!</a>
       
       			</section><footer><nav class="round"><ul>
       <li><a href="#">About</a></li>
             <li><a href="#">Contact</a></li>
             <li><a href="http://news.railstutorial.org/">News</a></li>
             <li><a href="http://www.railstutorial.org/">Rails Tutorial</a></li>
           </ul></nav></footer>
       </div>
       	</body>
       </html>
     # ./spec/controllers/pages_controller_spec.rb:18

  2) PagesController GET 'contact' should have the right title
     Failure/Error: response.should have_selector("title",
       expected following output to contain a <title>Rails Tutorial | Contact</title> tag:
       <!DOCTYPE html>
       <html>
       <head>
       <title>Rails Tutorial</title>
       <!--[if lt IE 9]>
       <script src="http://html5shiv.googlecode.com/svn/trunk/html5.js"></script>
       <![endif]--><link href="/stylesheets/blueprint/screen.css?1305352754" media="screen" rel="stylesheet" type="text/css">
       <link href="/stylesheets/blueprint/print.css?1305352754" media="print" rel="stylesheet" type="text/css">
       <!--[if lt IE 8]>
       <link href="/stylesheets/blueprint/ie.css?1305352754" media="screen" rel="stylesheet" type="text/css" />
       <![endif]--><link href="/stylesheets/custom.css?1306008966" media="screen" rel="stylesheet" type="text/css">
       </head>
       <body>
       		<div class="container">
       			<header><img alt="Sample App" class="round" src="/images/logo.png?1306005940"><nav class="round"><ul>
       <li><a href="#">Home</a></li>
       			<li><a href="#">Help</a></li>
       			<li><a href="#">Sign in</a></li>
       		</ul></nav></header><section class="round"><h1>Sample App</h1>
       This is the home page for Rails tutorial sample applicaton.
       
       
       			</section><footer><nav class="round"><ul>
       <li><a href="#">About</a></li>
             <li><a href="#">Contact</a></li>
             <li><a href="http://news.railstutorial.org/">News</a></li>
             <li><a href="http://www.railstutorial.org/">Rails Tutorial</a></li>
           </ul></nav></footer>
       </div>
       	</body>
       </html>
     # ./spec/controllers/pages_controller_spec.rb:32

  3) PagesController GET 'about' should have the right title
     Failure/Error: response.should have_selector("title",
       expected following output to contain a <title>Rails Tutorial | About</title> tag:
       <!DOCTYPE html>
       <html>
       <head>
       <title>Rails Tutorial</title>
       <!--[if lt IE 9]>
       <script src="http://html5shiv.googlecode.com/svn/trunk/html5.js"></script>
       <![endif]--><link href="/stylesheets/blueprint/screen.css?1305352754" media="screen" rel="stylesheet" type="text/css">
       <link href="/stylesheets/blueprint/print.css?1305352754" media="print" rel="stylesheet" type="text/css">
       <!--[if lt IE 8]>
       <link href="/stylesheets/blueprint/ie.css?1305352754" media="screen" rel="stylesheet" type="text/css" />
       <![endif]--><link href="/stylesheets/custom.css?1306008966" media="screen" rel="stylesheet" type="text/css">
       </head>
       <body>
       		<div class="container">
       			<header><img alt="Sample App" class="round" src="/images/logo.png?1306005940"><nav class="round"><ul>
       <li><a href="#">Home</a></li>
       			<li><a href="#">Help</a></li>
       			<li><a href="#">Sign in</a></li>
       		</ul></nav></header><section class="round"><h1>Sample App</h1>
       This is the home page for Rails tutorial sample applicaton.
       
       
       			</section><footer><nav class="round"><ul>
       <li><a href="#">About</a></li>
             <li><a href="#">Contact</a></li>
             <li><a href="http://news.railstutorial.org/">News</a></li>
             <li><a href="http://www.railstutorial.org/">Rails Tutorial</a></li>
           </ul></nav></footer>
       </div>
       	</body>
       </html>
     # ./spec/controllers/pages_controller_spec.rb:45

  4) PagesController GET 'help' should have the right title
     Failure/Error: response.should have_selector("title",
       expected following output to contain a <title>Rails Tutorial | Help</title> tag:
       <!DOCTYPE html>
       <html>
       <head>
       <title>Rails Tutorial</title>
       <!--[if lt IE 9]>
       <script src="http://html5shiv.googlecode.com/svn/trunk/html5.js"></script>
       <![endif]--><link href="/stylesheets/blueprint/screen.css?1305352754" media="screen" rel="stylesheet" type="text/css">
       <link href="/stylesheets/blueprint/print.css?1305352754" media="print" rel="stylesheet" type="text/css">
       <!--[if lt IE 8]>
       <link href="/stylesheets/blueprint/ie.css?1305352754" media="screen" rel="stylesheet" type="text/css" />
       <![endif]--><link href="/stylesheets/custom.css?1306008966" media="screen" rel="stylesheet" type="text/css">
       </head>
       <body>
       		<div class="container">
       			<header><img alt="Sample App" class="round" src="/images/logo.png?1306005940"><nav class="round"><ul>
       <li><a href="#">Home</a></li>
       			<li><a href="#">Help</a></li>
       			<li><a href="#">Sign in</a></li>
       		</ul></nav></header><section class="round"><h1>Help</h1>
       <p>
         Get help on Ruby on Rails Tutorial at the
         <a href="http://railstutorial.org/help">Rails Tutorial help page</a>.
         To get help on this sample app, see the
         <a href="http://railstutorial.org/book">Rails Tutorial book</a>.
       </p>
       
       			</section><footer><nav class="round"><ul>
       <li><a href="#">About</a></li>
             <li><a href="#">Contact</a></li>
             <li><a href="http://news.railstutorial.org/">News</a></li>
             <li><a href="http://www.railstutorial.org/">Rails Tutorial</a></li>
           </ul></nav></footer>
       </div>
       	</body>
       </html>
     # ./spec/controllers/pages_controller_spec.rb:58

  5) LayoutLinks should have a Home page at '/'
     Failure/Error: response.should have_selector('title', :content => "Home")
       expected following output to contain a <title>Home</title> tag:
       <!DOCTYPE html>
       <html>
       <head>
       <title>Ruby on Rails: Welcome aboard</title>
       <style type="text/css" media="screen">
             body {
               margin: 0;
               margin-bottom: 25px;
               padding: 0;
               background-color: #f0f0f0;
               font-family: "Lucida Grande", "Bitstream Vera Sans", "Verdana";
               font-size: 13px;
               color: #333;
             }
       
             h1 {
               font-size: 28px;
               color: #000;
             }
       
             a  {color: #03c}
             a:hover {
               background-color: #03c;
               color: white;
               text-decoration: none;
             }
       
       
             #page {
               background-color: #f0f0f0;
               width: 750px;
               margin: 0;
               margin-left: auto;
               margin-right: auto;
             }
       
             #content {
               float: left;
               background-color: white;
               border: 3px solid #aaa;
               border-top: none;
               padding: 25px;
               width: 500px;
             }
       
             #sidebar {
               float: right;
               width: 175px;
             }
       
             #footer {
               clear: both;
             }
       
       
             #header, #about, #getting-started {
               padding-left: 75px;
               padding-right: 30px;
             }
       
       
             #header {
               background-image: url("images/rails.png");
               background-repeat: no-repeat;
               background-position: top left;
               height: 64px;
             }
             #header h1, #header h2 {margin: 0}
             #header h2 {
               color: #888;
               font-weight: normal;
               font-size: 16px;
             }
       
       
             #about h3 {
               margin: 0;
               margin-bottom: 10px;
               font-size: 14px;
             }
       
             #about-content {
               background-color: #ffd;
               border: 1px solid #fc0;
               margin-left: -55px;
               margin-right: -10px;
             }
             #about-content table {
               margin-top: 10px;
               margin-bottom: 10px;
               font-size: 11px;
               border-collapse: collapse;
             }
             #about-content td {
               padding: 10px;
               padding-top: 3px;
               padding-bottom: 3px;
             }
             #about-content td.name  {color: #555}
             #about-content td.value {color: #000}
       
             #about-content ul {
               padding: 0;
               list-style-type: none;
             }
       
             #about-content.failure {
               background-color: #fcc;
               border: 1px solid #f00;
             }
             #about-content.failure p {
               margin: 0;
               padding: 10px;
             }
       
       
             #getting-started {
               border-top: 1px solid #ccc;
               margin-top: 25px;
               padding-top: 15px;
             }
             #getting-started h1 {
               margin: 0;
               font-size: 20px;
             }
             #getting-started h2 {
               margin: 0;
               font-size: 14px;
               font-weight: normal;
               color: #333;
               margin-bottom: 25px;
             }
             #getting-started ol {
               margin-left: 0;
               padding-left: 0;
             }
             #getting-started li {
               font-size: 18px;
               color: #888;
               margin-bottom: 25px;
             }
             #getting-started li h2 {
               margin: 0;
               font-weight: normal;
               font-size: 18px;
               color: #333;
             }
             #getting-started li p {
               color: #555;
               font-size: 13px;
             }
       
       
             #sidebar ul {
               margin-left: 0;
               padding-left: 0;
             }
             #sidebar ul h3 {
               margin-top: 25px;
               font-size: 16px;
               padding-bottom: 10px;
               border-bottom: 1px solid #ccc;
             }
             #sidebar li {
               list-style-type: none;
             }
             #sidebar ul.links li {
               margin-bottom: 5px;
             }
       
           </style>
       <script type="text/javascript">
             function about() {
               info = document.getElementById('about-content');
               if (window.XMLHttpRequest)
                 { xhr = new XMLHttpRequest(); }
               else
                 { xhr = new ActiveXObject("Microsoft.XMLHTTP"); }
               xhr.open("GET","rails/info/properties",false);
               xhr.send("");
               info.innerHTML = xhr.responseText;
               info.style.display = 'block'
             }
           </script>
       </head>
       <body>
           <div id="page">
             <div id="sidebar">
               <ul id="sidebar-items">
       <li>
                   <h3>Browse the documentation</h3>
                   <ul class="links">
       <li><a href="http://api.rubyonrails.org/">Rails API</a></li>
                     <li><a href="http://stdlib.rubyonrails.org/">Ruby standard library</a></li>
                     <li><a href="http://corelib.rubyonrails.org/">Ruby core</a></li>
                     <li><a href="http://guides.rubyonrails.org/">Rails Guides</a></li>
                   </ul>
       </li>
               </ul>
       </div>
       
             <div id="content">
               <div id="header">
                 <h1>Welcome aboard</h1>
                 <h2>You&rsquo;re riding Ruby on Rails!</h2>
               </div>
       
               <div id="about">
                 <h3><a href="rails/info/properties" onclick="about(); return false">About your application&rsquo;s environment</a></h3>
                 <div id="about-content" style="display: none"></div>
               </div>
       
               <div id="getting-started">
                 <h1>Getting started</h1>
                 <h2>Here&rsquo;s how to get rolling:</h2>
       
                 <ol>
       <li>
                     <h2>Use <code>rails generate</code> to create your models and controllers</h2>
                     <p>To see all available options, run it without parameters.</p>
                   </li>
       
                   <li>
                     <h2>Set up a default route and remove or rename this file</h2>
                     <p>Routes are set up in config/routes.rb.</p>
                   </li>
       
                   <li>
                     <h2>Create your database</h2>
                     <p>Run <code>rake db:migrate</code> to create your database. If you're not using SQLite (the default), edit <code>config/database.yml</code> with your username and password.</p>
                   </li>
                 </ol>
       </div>
             </div>
       
             <div id="footer">&nbsp;</div>
           </div>
         </body>
       </html>
     # ./spec/requests/layout_links_spec.rb:6

  6) LayoutLinks should hvae a Contact page at '/contact'
     Failure/Error: response.should have_selector('title', :content => "Contact")
       expected following output to contain a <title>Contact</title> tag:
       <!DOCTYPE html>
       <html>
       <head>
       <title>Rails Tutorial</title>
       <!--[if lt IE 9]>
       <script src="http://html5shiv.googlecode.com/svn/trunk/html5.js"></script>
       <![endif]--><link href="/stylesheets/blueprint/screen.css?1305352754" media="screen" rel="stylesheet" type="text/css">
       <link href="/stylesheets/blueprint/print.css?1305352754" media="print" rel="stylesheet" type="text/css">
       <!--[if lt IE 8]>
       <link href="/stylesheets/blueprint/ie.css?1305352754" media="screen" rel="stylesheet" type="text/css" />
       <![endif]--><link href="/stylesheets/custom.css?1306008966" media="screen" rel="stylesheet" type="text/css">
       </head>
       <body>
       		<div class="container">
       			<header><img alt="Sample App" class="round" src="/images/logo.png?1306005940"><nav class="round"><ul>
       <li><a href="#">Home</a></li>
       			<li><a href="#">Help</a></li>
       			<li><a href="#">Sign in</a></li>
       		</ul></nav></header><section class="round"><h1>Sample App</h1>
       This is the home page for Rails tutorial sample applicaton.
       
       
       			</section><footer><nav class="round"><ul>
       <li><a href="#">About</a></li>
             <li><a href="#">Contact</a></li>
             <li><a href="http://news.railstutorial.org/">News</a></li>
             <li><a href="http://www.railstutorial.org/">Rails Tutorial</a></li>
           </ul></nav></footer>
       </div>
       	</body>
       </html>
     # ./spec/requests/layout_links_spec.rb:11

  7) LayoutLinks should hvae a About page at '/about'
     Failure/Error: response.should have_selector('title', :content => "About")
       expected following output to contain a <title>About</title> tag:
       <!DOCTYPE html>
       <html>
       <head>
       <title>Rails Tutorial</title>
       <!--[if lt IE 9]>
       <script src="http://html5shiv.googlecode.com/svn/trunk/html5.js"></script>
       <![endif]--><link href="/stylesheets/blueprint/screen.css?1305352754" media="screen" rel="stylesheet" type="text/css">
       <link href="/stylesheets/blueprint/print.css?1305352754" media="print" rel="stylesheet" type="text/css">
       <!--[if lt IE 8]>
       <link href="/stylesheets/blueprint/ie.css?1305352754" media="screen" rel="stylesheet" type="text/css" />
       <![endif]--><link href="/stylesheets/custom.css?1306008966" media="screen" rel="stylesheet" type="text/css">
       </head>
       <body>
       		<div class="container">
       			<header><img alt="Sample App" class="round" src="/images/logo.png?1306005940"><nav class="round"><ul>
       <li><a href="#">Home</a></li>
       			<li><a href="#">Help</a></li>
       			<li><a href="#">Sign in</a></li>
       		</ul></nav></header><section class="round"><h1>Sample App</h1>
       This is the home page for Rails tutorial sample applicaton.
       
       
       			</section><footer><nav class="round"><ul>
       <li><a href="#">About</a></li>
             <li><a href="#">Contact</a></li>
             <li><a href="http://news.railstutorial.org/">News</a></li>
             <li><a href="http://www.railstutorial.org/">Rails Tutorial</a></li>
           </ul></nav></footer>
       </div>
       	</body>
       </html>
     # ./spec/requests/layout_links_spec.rb:16

  8) LayoutLinks should hvae a Help page at '/help'
     Failure/Error: response.should have_selector('title', :content => "Help")
       expected following output to contain a <title>Help</title> tag:
       <!DOCTYPE html>
       <html>
       <head>
       <title>Rails Tutorial</title>
       <!--[if lt IE 9]>
       <script src="http://html5shiv.googlecode.com/svn/trunk/html5.js"></script>
       <![endif]--><link href="/stylesheets/blueprint/screen.css?1305352754" media="screen" rel="stylesheet" type="text/css">
       <link href="/stylesheets/blueprint/print.css?1305352754" media="print" rel="stylesheet" type="text/css">
       <!--[if lt IE 8]>
       <link href="/stylesheets/blueprint/ie.css?1305352754" media="screen" rel="stylesheet" type="text/css" />
       <![endif]--><link href="/stylesheets/custom.css?1306008966" media="screen" rel="stylesheet" type="text/css">
       </head>
       <body>
       		<div class="container">
       			<header><img alt="Sample App" class="round" src="/images/logo.png?1306005940"><nav class="round"><ul>
       <li><a href="#">Home</a></li>
       			<li><a href="#">Help</a></li>
       			<li><a href="#">Sign in</a></li>
       		</ul></nav></header><section class="round"><h1>Help</h1>
       <p>
         Get help on Ruby on Rails Tutorial at the
         <a href="http://railstutorial.org/help">Rails Tutorial help page</a>.
         To get help on this sample app, see the
         <a href="http://railstutorial.org/book">Rails Tutorial book</a>.
       </p>
       
       			</section><footer><nav class="round"><ul>
       <li><a href="#">About</a></li>
             <li><a href="#">Contact</a></li>
             <li><a href="http://news.railstutorial.org/">News</a></li>
             <li><a href="http://www.railstutorial.org/">Rails Tutorial</a></li>
           </ul></nav></footer>
       </div>
       	</body>
       </html>
     # ./spec/requests/layout_links_spec.rb:21

Finished in 1.19 seconds
12 examples, 8 failures
